#include <bits/stdc++.h>
using namespace std;

void cl () {
	cerr << "Time used: " << 1.0 * clock() / CLOCKS_PER_SEC << "s ";
}

int main () {
	#define PHILE "base"
	ios_base :: sync_with_stdio(0); cin.tie(0); cout.tie(0);
	if (fopen(PHILE".inp", "r")) {
		freopen(PHILE".inp", "r", stdin); freopen(PHILE".out", "w", stdout);
	}

	return 0;
}